// Jest Snapshot v1, https://goo.gl/fbAQLP

exports[`gameDetail renders the game details given props 1`] = `null`;
